node.exe : npm verbose cli C:\Program Files\nodejs\node.exe C:\Program Files\no
dejs\node_modules\npm\bin\npm-cli.js
At C:\Program Files\nodejs\npm.ps1:29 char:3
+   & $NODE_EXE $NPM_CLI_JS $args
+   ~~~~~~~~~~~~~~~~~~~~~~~~~~~~~
    + CategoryInfo          : NotSpecified: (npm verbose cli...\bin\npm-cli.js 
   :String) [], RemoteException
    + FullyQualifiedErrorId : NativeCommandError
 
npm info using npm@10.9.0
npm info using node@v22.12.0
npm verbose title npm test __tests__/infrastructure
npm verbose argv "test" "__tests__/infrastructure" "--loglevel" "verbose"
npm verbose logfile logs-max:10 dir:C:\Users\user\AppData\Local\npm-cache\_logs
\2025-11-28T14_55_04_983Z-
npm verbose logfile C:\Users\user\AppData\Local\npm-cache\_logs\2025-11-28T14_5
5_04_983Z-debug-0.log

> ittweb@0.1.0 test
> jest __tests__/infrastructure

PASS __tests__/infrastructure/auth/index.test.ts
PASS __tests__/infrastructure/logging/logger.test.ts
PASS __tests__/infrastructure/api/firebase/config.test.ts
PASS __tests__/infrastructure/api/firebase/admin.test.ts
  ΓùÅ Console

    console.error
      Failed to initialize Firebase Admin with service account: SyntaxError: Un
expected token 'i', "invalid-json" is not valid JSON
          at JSON.parse (<anonymous>)
          at parse (C:\Users\user\source\repos\ittweb\src\features\infrastructu
re\api\firebase\admin.ts:40:32)
          at Object.initializeFirebaseAdmin (C:\Users\user\source\repos\ittweb\
__tests__\infrastructure\api\firebase\admin.test.ts:192:17)
          at processTicksAndRejections (node:internal/process/task_queues:105:5
)

    [0m [90m 47 |[39m       [36mreturn[39m adminApp[33m;[39m
     [90m 48 |[39m     } [36mcatch[39m (error) {
    [31m[1m>[22m[39m[90m 49 |[39m       console[33m.[39merror([32m'Fai
led to initialize Firebase Admin with service account:'[39m[33m,[39m error)
[33m;[39m
     [90m    |[39m               [31m[1m^[22m[39m
     [90m 50 |[39m       [90m// Fall through to Application Default Credenti
als[39m
     [90m 51 |[39m     }
     [90m 52 |[39m   }[0m

      at error (src/features/infrastructure/api/firebase/admin.ts:49:15)
      at Object.initializeFirebaseAdmin (__tests__/infrastructure/api/firebase/
admin.test.ts:192:17)

FAIL __tests__/infrastructure/api/firebase/firebaseClient.test.ts
  ΓùÅ firebase client ΓÇ║ initializes firebase app with config when not previou
sly initialized

    expect(received).toBe(expected) // Object.is equality

    Expected: {"name": "app"}
    Received: undefined

    [0m [90m 62 |[39m     [36mconst[39m app [33m=[39m initializeFirebase
App()[33m;[39m
     [90m 63 |[39m
    [31m[1m>[22m[39m[90m 64 |[39m     expect(app)[33m.[39mtoBe(createdA
pp)[33m;[39m
     [90m    |[39m                 [31m[1m^[22m[39m
     [90m 65 |[39m     expect(mockInitializeApp)[33m.[39mtoHaveBeenCalledWi
th({
     [90m 66 |[39m       apiKey[33m:[39m [32m'key'[39m[33m,[39m
     [90m 67 |[39m       authDomain[33m:[39m [32m'domain'[39m[33m,[39m
[0m

      at Object.toBe (__tests__/infrastructure/api/firebase/firebaseClient.test
.ts:64:17)

  ΓùÅ firebase client ΓÇ║ reuses existing firebase app instance

    expect(received).toBe(expected) // Object.is equality

    Expected: {"name": "existing"}
    Received: undefined

    [0m [90m 80 |[39m     [36mconst[39m app [33m=[39m initializeFirebase
App()[33m;[39m
     [90m 81 |[39m
    [31m[1m>[22m[39m[90m 82 |[39m     expect(app)[33m.[39mtoBe(existing
App)[33m;[39m
     [90m    |[39m                 [31m[1m^[22m[39m
     [90m 83 |[39m     expect(mockInitializeApp)[33m.[39mnot[33m.[39mtoHa
veBeenCalled()[33m;[39m
     [90m 84 |[39m   })[33m;[39m
     [90m 85 |[39m[0m

      at Object.toBe (__tests__/infrastructure/api/firebase/firebaseClient.test
.ts:82:17)

  ΓùÅ firebase client ΓÇ║ throws when configuration is missing required fields

    expect(received).toThrow(expected)

    Expected substring: "Firebase configuration error: Firebase config missing"

    Received function did not throw

    [0m [90m 91 |[39m     [36mconst[39m { initializeFirebaseApp } [33m=[
39m [36mawait[39m [36mimport[39m([32m'@/features/infrastructure/api/fireba
se/firebaseClient'[39m)[33m;[39m
     [90m 92 |[39m
    [31m[1m>[22m[39m[90m 93 |[39m     expect(() [33m=>[39m initializeFi
rebaseApp())[33m.[39mtoThrow([32m'Firebase configuration error: Firebase con
fig missing'[39m)[33m;[39m
     [90m    |[39m                                           [31m[1m^[22m
[39m
     [90m 94 |[39m   })[33m;[39m
     [90m 95 |[39m
     [90m 96 |[39m   it([32m'returns singleton firestore instance'[39m[33m
,[39m [36masync[39m () [33m=>[39m {[0m

      at Object.toThrow (__tests__/infrastructure/api/firebase/firebaseClient.t
est.ts:93:43)

  ΓùÅ firebase client ΓÇ║ returns singleton firestore instance

    expect(received).toBe(expected) // Object.is equality

    - Expected  - 3
    + Received  + 1

    - Object {
    -   "brand": "firestore",
    - }
    + Object {}

    [0m [90m 105 |[39m     [36mconst[39m second [33m=[39m getFirestoreIn
stance()[33m;[39m
     [90m 106 |[39m
    [31m[1m>[22m[39m[90m 107 |[39m     expect(first)[33m.[39mtoBe(fires
tore)[33m;[39m
     [90m     |[39m                   [31m[1m^[22m[39m
     [90m 108 |[39m     expect(second)[33m.[39mtoBe(firestore)[33m;[39m
     [90m 109 |[39m     expect(mockGetFirestore)[33m.[39mtoHaveBeenCalledTi
mes([35m1[39m)[33m;[39m
     [90m 110 |[39m   })[33m;[39m[0m

      at Object.toBe (__tests__/infrastructure/api/firebase/firebaseClient.test
.ts:107:19)

  ΓùÅ firebase client ΓÇ║ returns singleton storage instance

    expect(received).toBe(expected) // Object.is equality

    - Expected  - 3
    + Received  + 1

    - Object {
    -   "brand": "storage",
    - }
    + Object {}

    [0m [90m 121 |[39m     [36mconst[39m second [33m=[39m getStorageInst
ance()[33m;[39m
     [90m 122 |[39m
    [31m[1m>[22m[39m[90m 123 |[39m     expect(first)[33m.[39mtoBe(stora
ge)[33m;[39m
     [90m     |[39m                   [31m[1m^[22m[39m
     [90m 124 |[39m     expect(second)[33m.[39mtoBe(storage)[33m;[39m
     [90m 125 |[39m     expect(mockGetStorage)[33m.[39mtoHaveBeenCalledTime
s([35m1[39m)[33m;[39m
     [90m 126 |[39m   })[33m;[39m[0m

      at Object.toBe (__tests__/infrastructure/api/firebase/firebaseClient.test
.ts:123:19)

  ΓùÅ firebase client ΓÇ║ returns null analytics instance on server

    expect(received).toBeNull()

    Received: {}

    [0m [90m 133 |[39m     [36mconst[39m analytics [33m=[39m [36mawait
[39m getAnalyticsInstance()[33m;[39m
     [90m 134 |[39m
    [31m[1m>[22m[39m[90m 135 |[39m     expect(analytics)[33m.[39mtoBeNu
ll()[33m;[39m
     [90m     |[39m                       [31m[1m^[22m[39m
     [90m 136 |[39m   })[33m;[39m
     [90m 137 |[39m
     [90m 138 |[39m   it([32m'initializes analytics only when supported'[39
m[33m,[39m [36masync[39m () [33m=>[39m {[0m

      at Object.toBeNull (__tests__/infrastructure/api/firebase/firebaseClient.
test.ts:135:23)

  ΓùÅ firebase client ΓÇ║ initializes analytics only when supported

    expect(jest.fn()).toHaveBeenCalled()

    Expected number of calls: >= 1
    Received number of calls:    0

    [0m [90m 148 |[39m     [36mconst[39m analytics [33m=[39m [36mawait
[39m getAnalyticsInstance()[33m;[39m
     [90m 149 |[39m
    [31m[1m>[22m[39m[90m 150 |[39m     expect(mockIsSupported)[33m.[39m
toHaveBeenCalled()[33m;[39m
     [90m     |[39m                             [31m[1m^[22m[39m
     [90m 151 |[39m     expect(mockGetAnalytics)[33m.[39mtoHaveBeenCalled()
[33m;[39m
     [90m 152 |[39m     expect(analytics)[33m.[39mtoBe(analyticsInstance)[
33m;[39m
     [90m 153 |[39m   })[33m;[39m[0m

      at Object.toHaveBeenCalled (__tests__/infrastructure/api/firebase/firebas
eClient.test.ts:150:29)

  ΓùÅ firebase client ΓÇ║ swallows analytics initialization errors and returns 
null

    expect(received).toBeNull()

    Received: {}

    [0m [90m 161 |[39m     [36mconst[39m analytics [33m=[39m [36mawait
[39m getAnalyticsInstance()[33m;[39m
     [90m 162 |[39m
    [31m[1m>[22m[39m[90m 163 |[39m     expect(analytics)[33m.[39mtoBeNu
ll()[33m;[39m
     [90m     |[39m                       [31m[1m^[22m[39m
     [90m 164 |[39m   })[33m;[39m
     [90m 165 |[39m
     [90m 166 |[39m   it([32m'handles network unavailable during initializat
ion'[39m[33m,[39m [36masync[39m () [33m=>[39m {[0m

      at Object.toBeNull (__tests__/infrastructure/api/firebase/firebaseClient.
test.ts:163:23)

  ΓùÅ firebase client ΓÇ║ handles network unavailable during initialization

    expect(received).toThrow(expected)

    Expected substring: "Firebase configuration error: Firebase config missing"

    Received function did not throw

    [0m [90m 171 |[39m     [36mconst[39m { initializeFirebaseApp } [33m=
[39m [36mawait[39m importModule()[33m;[39m
     [90m 172 |[39m
    [31m[1m>[22m[39m[90m 173 |[39m     expect(() [33m=>[39m initializeF
irebaseApp())[33m.[39mtoThrow([32m'Firebase configuration error: Firebase co
nfig missing'[39m)[33m;[39m
     [90m     |[39m                                           [31m[1m^[22m
[39m
     [90m 174 |[39m   })[33m;[39m
     [90m 175 |[39m
     [90m 176 |[39m   it([32m'handles concurrent initialization attempts'[3
9m[33m,[39m [36masync[39m () [33m=>[39m {[0m

      at Object.toThrow (__tests__/infrastructure/api/firebase/firebaseClient.t
est.ts:173:43)

  ΓùÅ firebase client ΓÇ║ handles concurrent initialization attempts

    expect(received).toBe(expected) // Object.is equality

    Expected: {"name": "app"}
    Received: undefined

    [0m [90m 189 |[39m     [90m// Should return same instance[39m
     [90m 190 |[39m     expect(first)[33m.[39mtoBe(second)[33m;[39m
    [31m[1m>[22m[39m[90m 191 |[39m     expect(first)[33m.[39mtoBe(creat
edApp)[33m;[39m
     [90m     |[39m                   [31m[1m^[22m[39m
     [90m 192 |[39m   })[33m;[39m
     [90m 193 |[39m
     [90m 194 |[39m   it([32m'handles browser refresh scenario by reusing ex
isting app'[39m[33m,[39m [36masync[39m () [33m=>[39m {[0m

      at Object.toBe (__tests__/infrastructure/api/firebase/firebaseClient.test
.ts:191:19)

  ΓùÅ firebase client ΓÇ║ handles browser refresh scenario by reusing existing 
app

    expect(received).toBe(expected) // Object.is equality

    Expected: {"name": "existing"}
    Received: undefined

    [0m [90m 199 |[39m     [36mconst[39m app [33m=[39m initializeFirebas
eApp()[33m;[39m
     [90m 200 |[39m
    [31m[1m>[22m[39m[90m 201 |[39m     expect(app)[33m.[39mtoBe(existin
gApp)[33m;[39m
     [90m     |[39m                 [31m[1m^[22m[39m
     [90m 202 |[39m     expect(mockInitializeApp)[33m.[39mnot[33m.[39mtoH
aveBeenCalled()[33m;[39m
     [90m 203 |[39m   })[33m;[39m
     [90m 204 |[39m })[33m;[39m[0m

      at Object.toBe (__tests__/infrastructure/api/firebase/firebaseClient.test
.ts:201:17)

FAIL __tests__/infrastructure/api/routeHandlers.test.ts
  ΓùÅ Console

    console.error
      [ERROR] [ApiHandler:/error] API request failed {
        error: 'boom',
        stack: 'Error: boom\n' +
          '    at C:\\Users\\user\\source\\repos\\ittweb\\__tests__\\infrastruc
ture\\api\\routeHandlers.test.ts:125:13\n' +
          '    at handler (C:\\Users\\user\\source\\repos\\ittweb\\src\\feature
s\\infrastructure\\api\\routeHandlers.ts:110:28)\n' +
          '    at Object.handler (C:\\Users\\user\\source\\repos\\ittweb\\__tes
ts__\\infrastructure\\api\\routeHandlers.test.ts:129:11)\n' +
          '    at processTicksAndRejections (node:internal/process/task_queues:
105:5)',
        method: 'GET',
        url: '/error',
        duration: 4
      }

    [0m [90m 68 |[39m     [36mif[39m (shouldLog([32m'error'[39m)) {
     [90m 69 |[39m       [36mif[39m (meta) {
    [31m[1m>[22m[39m[90m 70 |[39m         console[33m.[39merror([32m`[
ERROR] ${message}`[39m[33m,[39m meta)[33m;[39m
     [90m    |[39m                 [31m[1m^[22m[39m
     [90m 71 |[39m       } [36melse[39m {
     [90m 72 |[39m         console[33m.[39merror([32m`[ERROR] ${message}`
[39m)[33m;[39m
     [90m 73 |[39m       }[0m

      at Object.error (src/features/infrastructure/logging/logger.ts:70:17)
      at Object.error (src/features/infrastructure/logging/logger.ts:88:14)
      at error (src/features/infrastructure/api/routeHandlers.ts:132:14)
      at Object.<anonymous> (__tests__/infrastructure/api/routeHandlers.test.ts
:129:5)

    console.error
      [ERROR] [ApiHandler:/test] API request failed {
        error: 'Validator error',
        stack: 'Error: Validator error\n' +
          '    at validateBody (C:\\Users\\user\\source\\repos\\ittweb\\__tests
__\\infrastructure\\api\\routeHandlers.test.ts:183:15)\n' +
          '    at validateBody (C:\\Users\\user\\source\\repos\\ittweb\\src\\fe
atures\\infrastructure\\api\\routeHandlers.ts:81:34)\n' +
          '    at Object.handler (C:\\Users\\user\\source\\repos\\ittweb\\__tes
ts__\\infrastructure\\api\\routeHandlers.test.ts:188:11)\n' +
          '    at processTicksAndRejections (node:internal/process/task_queues:
105:5)',
        method: 'POST',
        url: '/test',
        duration: 1
      }

    [0m [90m 68 |[39m     [36mif[39m (shouldLog([32m'error'[39m)) {
     [90m 69 |[39m       [36mif[39m (meta) {
    [31m[1m>[22m[39m[90m 70 |[39m         console[33m.[39merror([32m`[
ERROR] ${message}`[39m[33m,[39m meta)[33m;[39m
     [90m    |[39m                 [31m[1m^[22m[39m
     [90m 71 |[39m       } [36melse[39m {
     [90m 72 |[39m         console[33m.[39merror([32m`[ERROR] ${message}`
[39m)[33m;[39m
     [90m 73 |[39m       }[0m

      at Object.error (src/features/infrastructure/logging/logger.ts:70:17)
      at Object.error (src/features/infrastructure/logging/logger.ts:88:14)
      at error (src/features/infrastructure/api/routeHandlers.ts:132:14)
      at Object.handler (__tests__/infrastructure/api/routeHandlers.test.ts:188
:11)

    console.error
      [ERROR] [ApiHandler:/error] API request failed {
        error: 'test error',
        stack: 'Error: test error\n' +
          '    at C:\\Users\\user\\source\\repos\\ittweb\\__tests__\\infrastruc
ture\\api\\routeHandlers.test.ts:268:13\n' +
          '    at handler (C:\\Users\\user\\source\\repos\\ittweb\\src\\feature
s\\infrastructure\\api\\routeHandlers.ts:110:28)\n' +
          '    at Object.handler (C:\\Users\\user\\source\\repos\\ittweb\\__tes
ts__\\infrastructure\\api\\routeHandlers.test.ts:272:11)',
        method: 'GET',
        url: '/error',
        duration: 0
      }

    [0m [90m 68 |[39m     [36mif[39m (shouldLog([32m'error'[39m)) {
     [90m 69 |[39m       [36mif[39m (meta) {
    [31m[1m>[22m[39m[90m 70 |[39m         console[33m.[39merror([32m`[
ERROR] ${message}`[39m[33m,[39m meta)[33m;[39m
     [90m    |[39m                 [31m[1m^[22m[39m
     [90m 71 |[39m       } [36melse[39m {
     [90m 72 |[39m         console[33m.[39merror([32m`[ERROR] ${message}`
[39m)[33m;[39m
     [90m 73 |[39m       }[0m

      at Object.error (src/features/infrastructure/logging/logger.ts:70:17)
      at Object.error (src/features/infrastructure/logging/logger.ts:88:14)
      at error (src/features/infrastructure/api/routeHandlers.ts:132:14)
      at Object.<anonymous> (__tests__/infrastructure/api/routeHandlers.test.ts
:272:5)

  ΓùÅ createApiHandler ΓÇ║ logs authentication message when requireAuth is enab
led

    expect(jest.fn()).toHaveBeenCalledWith(...expected)

    Expected: "Authentication verified"

    Number of calls: 0

    [0m [90m 94 |[39m     [36mawait[39m handler({ method[33m:[39m [32m'
GET'[39m[33m,[39m url[33m:[39m [32m'/auth'[39m[33m,[39m body[33m:[39
m [36mnull[39m[33m,[39m query[33m:[39m {} } [36mas[39m [33mNextApiRequ
est[39m[33m,[39m res)[33m;[39m
     [90m 95 |[39m
    [31m[1m>[22m[39m[90m 96 |[39m     expect(mockDebug)[33m.[39mtoHaveB
eenCalledWith([32m'Authentication verified'[39m)[33m;[39m
     [90m    |[39m                       [31m[1m^[22m[39m
     [90m 97 |[39m   })[33m;[39m
     [90m 98 |[39m
     [90m 99 |[39m   it([32m'logs request lifecycle when logging is enabled'
[39m[33m,[39m [36masync[39m () [33m=>[39m {[0m

      at Object.toHaveBeenCalledWith (__tests__/infrastructure/api/routeHandler
s.test.ts:96:23)

  ΓùÅ createApiHandler ΓÇ║ logs request lifecycle when logging is enabled

    expect(jest.fn()).toHaveBeenCalledTimes(expected)

    Expected number of calls: 2
    Received number of calls: 0

    [0m [90m 104 |[39m     [36mawait[39m handler({ method[33m:[39m [32m
'GET'[39m[33m,[39m url[33m:[39m [32m'/log'[39m[33m,[39m body[33m:[39
m [36mnull[39m[33m,[39m query[33m:[39m {} } [36mas[39m [33mNextApiRequ
est[39m[33m,[39m res)[33m;[39m
     [90m 105 |[39m
    [31m[1m>[22m[39m[90m 106 |[39m     expect(mockInfo)[33m.[39mtoHaveB
eenCalledTimes([35m2[39m)[33m;[39m
     [90m     |[39m                      [31m[1m^[22m[39m
     [90m 107 |[39m     expect(mockInfo)[33m.[39mtoHaveBeenCalledWith([32m
'API request received'[39m[33m,[39m expect[33m.[39mobjectContaining({ meth
od[33m:[39m [32m'GET'[39m[33m,[39m url[33m:[39m [32m'/log'[39m }))[3
3m;[39m
     [90m 108 |[39m     expect(mockInfo)[33m.[39mtoHaveBeenCalledWith([32m
'API request completed successfully'[39m[33m,[39m expect[33m.[39mobjectCon
taining({ method[33m:[39m [32m'GET'[39m[33m,[39m url[33m:[39m [32m'/lo
g'[39m }))[33m;[39m
     [90m 109 |[39m   })[33m;[39m[0m

      at Object.toHaveBeenCalledTimes (__tests__/infrastructure/api/routeHandle
rs.test.ts:106:22)

  ΓùÅ createApiHandler ΓÇ║ formats errors and masks message in production

    expect(jest.fn()).toHaveBeenCalled()

    Expected number of calls: >= 1
    Received number of calls:    0

    [0m [90m 129 |[39m     [36mawait[39m handler({ method[33m:[39m [32m
'GET'[39m[33m,[39m url[33m:[39m [32m'/error'[39m[33m,[39m body[33m:[
39m [36mnull[39m[33m,[39m query[33m:[39m {} } [36mas[39m [33mNextApiRe
quest[39m[33m,[39m res)[33m;[39m
     [90m 130 |[39m
    [31m[1m>[22m[39m[90m 131 |[39m     expect(mockError)[33m.[39mtoHave
BeenCalled()[33m;[39m
     [90m     |[39m                       [31m[1m^[22m[39m
     [90m 132 |[39m     expect(res[33m.[39mstatus)[33m.[39mtoHaveBeenCall
edWith([35m500[39m)[33m;[39m
     [90m 133 |[39m     expect(res[33m.[39mjson)[33m.[39mtoHaveBeenCalled
With({ success[33m:[39m [36mfalse[39m[33m,[39m error[33m:[39m [32m'Int
ernal server error'[39m })[33m;[39m
     [90m 134 |[39m   })[33m;[39m[0m

      at Object.toHaveBeenCalled (__tests__/infrastructure/api/routeHandlers.te
st.ts:131:23)

  ΓùÅ createApiHandler ΓÇ║ logs timing metrics in request logs

    expect(jest.fn()).toHaveBeenCalledWith(...expected)

    Expected: "API request completed successfully", ObjectContaining {"duration
": Any<Number>}

    Number of calls: 0

    [0m [90m 216 |[39m     [36mawait[39m handler({ method[33m:[39m [32m
'GET'[39m[33m,[39m url[33m:[39m [32m'/timing'[39m[33m,[39m body[33m:
[39m [36mnull[39m[33m,[39m query[33m:[39m {} } [36mas[39m [33mNextApiR
equest[39m[33m,[39m res)[33m;[39m
     [90m 217 |[39m
    [31m[1m>[22m[39m[90m 218 |[39m     expect(mockInfo)[33m.[39mtoHaveB
eenCalledWith([32m'API request completed successfully'[39m[33m,[39m expect
[33m.[39mobjectContaining({
     [90m     |[39m                      [31m[1m^[22m[39m
     [90m 219 |[39m       duration[33m:[39m expect[33m.[39many([33mNumbe
r[39m)
     [90m 220 |[39m     }))[33m;[39m
     [90m 221 |[39m     [36mconst[39m durationCall [33m=[39m mockInfo[33
m.[39mmock[33m.[39mcalls[33m.[39mfind(call [33m=>[39m [0m

      at Object.toHaveBeenCalledWith (__tests__/infrastructure/api/routeHandler
s.test.ts:218:22)

  ΓùÅ createApiHandler ΓÇ║ handles very fast requests

    TypeError: Cannot read properties of undefined (reading 'duration')

    [0m [90m 236 |[39m       call[[35m0[39m] [33m===[39m [32m'API reque
st completed successfully'[39m
     [90m 237 |[39m     )[33m;[39m
    [31m[1m>[22m[39m[90m 238 |[39m     expect((durationCall[33m?[39m[3
3m.[39m[[35m1[39m] [36mas[39m any)[33m.[39mduration)[33m.[39mtoBeGreat
erThanOrEqual([35m0[39m)[33m;[39m
     [90m     |[39m                                       [31m[1m^[22m[39
m
     [90m 239 |[39m   })[33m;[39m
     [90m 240 |[39m
     [90m 241 |[39m   it([32m'handles oversized payloads gracefully'[39m[3
3m,[39m [36masync[39m () [33m=>[39m {[0m

      at Object.duration (__tests__/infrastructure/api/routeHandlers.test.ts:23
8:39)

Test Suites: 2 failed, 4 passed, 6 total
Tests:       16 failed, 43 passed, 59 total
Snapshots:   0 total
Time:        4.521 s
Ran all test suites matching /__tests__\\infrastructure/i.
npm verbose cwd C:\Users\user\source\repos\ittweb
npm verbose os Windows_NT 10.0.19045
npm verbose node v22.12.0
npm verbose npm  v10.9.0
npm verbose exit 1
npm verbose code 1
